#options: 1920x1080 fps=30/1 timebase=1/30 bitdepth=8 cabac=1 ref=1 deblock=1:0:0 analyse=0x1:0 me=dia subme=2 psy=1 psy_rd=1.00:0.00 mixed_ref=0 me_range=16 chroma_me=1 trellis=0 8x8dct=0 cqm=0 deadzone=21,11 fast_pskip=1 chroma_qp_offset=0 threads=24 lookahead_threads=8 sliced_threads=0 nr=0 decimate=1 interlaced=0 bluray_compat=0 constrained_intra=0 bframes=3 b_pyramid=2 b_adapt=1 b_bias=0 direct=1 weightb=1 open_gop=0 weightp=2 keyint=250 keyint_min=25 scenecut=40 intra_refresh=0 rc_lookahead=40 rc=abr mbtree=1 bitrate=2422 ratetol=1.0 qcomp=0.60 qpmin=0 qpmax=69 qpstep=4 ip_ratio=1.40 aq=1:1.00
in:0 out:0 type:I dur:2 cpbdur:2 q:31.85 aq:15.58 tex:94036 mv:47739 misc:6193 imb:8160 pmb:0 smb:0 d:- ref:;
in:4 out:1 type:P dur:2 cpbdur:2 q:32.22 aq:20.79 tex:6657 mv:6220 misc:2987 imb:117 pmb:642 smb:7401 d:- ref:0 ;
in:2 out:2 type:B dur:2 cpbdur:2 q:32.22 aq:22.79 tex:547 mv:1415 misc:1222 imb:4 pmb:174 smb:7982 d:- ref:0 ;
in:1 out:3 type:b dur:2 cpbdur:2 q:32.22 aq:21.16 tex:122 mv:360 misc:686 imb:1 pmb:50 smb:8109 d:- ref:0 ;
in:3 out:4 type:b dur:2 cpbdur:2 q:32.22 aq:19.94 tex:145 mv:483 misc:732 imb:4 pmb:57 smb:8099 d:- ref:0 ;
in:8 out:5 type:P dur:2 cpbdur:2 q:31.90 aq:21.11 tex:10549 mv:8460 misc:3231 imb:193 pmb:857 smb:7110 d:- ref:0 ;
in:6 out:6 type:B dur:2 cpbdur:2 q:32.06 aq:22.63 tex:770 mv:1647 misc:1311 imb:8 pmb:192 smb:7960 d:- ref:0 ;
in:5 out:7 type:b dur:2 cpbdur:2 q:32.14 aq:20.82 tex:353 mv:609 misc:822 imb:5 pmb:78 smb:8077 d:- ref:0 ;
in:7 out:8 type:b dur:2 cpbdur:2 q:31.98 aq:23.40 tex:481 mv:645 misc:842 imb:8 pmb:79 smb:8073 d:- ref:0 ;
in:12 out:9 type:P dur:2 cpbdur:2 q:31.60 aq:21.57 tex:14104 mv:9950 misc:3314 imb:248 pmb:974 smb:6938 d:- ref:0 ;
in:10 out:10 type:B dur:2 cpbdur:2 q:31.75 aq:22.83 tex:1825 mv:2728 misc:1951 imb:25 pmb:339 smb:7796 d:- ref:0 ;
in:9 out:11 type:b dur:2 cpbdur:2 q:31.83 aq:23.88 tex:795 mv:779 misc:1106 imb:5 pmb:124 smb:8031 d:- ref:0 ;
in:11 out:12 type:b dur:2 cpbdur:2 q:31.67 aq:23.45 tex:840 mv:692 misc:1116 imb:4 pmb:129 smb:8027 d:- ref:0 ;
in:16 out:13 type:P dur:2 cpbdur:2 q:31.30 aq:21.59 tex:16427 mv:10681 misc:3348 imb:308 pmb:1061 smb:6791 d:- ref:0 ;
in:14 out:14 type:B dur:2 cpbdur:2 q:31.45 aq:22.36 tex:2393 mv:2800 misc:2143 imb:22 pmb:406 smb:7732 d:- ref:0 ;
in:13 out:15 type:b dur:2 cpbdur:2 q:31.52 aq:23.49 tex:1043 mv:784 misc:1229 imb:6 pmb:147 smb:8007 d:- ref:0 ;
in:15 out:16 type:b dur:2 cpbdur:2 q:31.38 aq:22.30 tex:1117 mv:1131 misc:1280 imb:14 pmb:169 smb:7977 d:- ref:0 ;
in:20 out:17 type:P dur:2 cpbdur:2 q:31.02 aq:20.96 tex:16680 mv:11293 misc:3435 imb:283 pmb:1190 smb:6687 d:- ref:0 ;
in:18 out:18 type:B dur:2 cpbdur:2 q:31.16 aq:22.23 tex:2664 mv:3373 misc:2219 imb:28 pmb:440 smb:7692 d:- ref:0 ;
in:17 out:19 type:b dur:2 cpbdur:2 q:31.23 aq:22.97 tex:1139 mv:1220 misc:1409 imb:7 pmb:201 smb:7952 d:- ref:0 ;
in:19 out:20 type:b dur:2 cpbdur:2 q:31.09 aq:22.54 tex:963 mv:1298 misc:1355 imb:10 pmb:184 smb:7966 d:- ref:0 ;
in:24 out:21 type:P dur:2 cpbdur:2 q:30.73 aq:21.50 tex:19809 mv:12160 misc:3375 imb:330 pmb:1253 smb:6577 d:- ref:0 ;
in:22 out:22 type:B dur:2 cpbdur:2 q:30.87 aq:23.47 tex:3799 mv:3583 misc:2466 imb:43 pmb:515 smb:7602 d:- ref:0 ;
in:21 out:23 type:b dur:2 cpbdur:2 q:30.94 aq:23.47 tex:1321 mv:1195 misc:1380 imb:14 pmb:194 smb:7952 d:- ref:0 ;
in:23 out:24 type:b dur:2 cpbdur:2 q:30.80 aq:22.09 tex:772 mv:1313 misc:1331 imb:8 pmb:185 smb:7967 d:- ref:0 ;
in:28 out:25 type:P dur:2 cpbdur:2 q:30.18 aq:20.07 tex:23398 mv:13152 misc:3194 imb:343 pmb:1365 smb:6452 d:- ref:0 ;
in:26 out:26 type:B dur:2 cpbdur:2 q:30.46 aq:21.60 tex:3070 mv:3357 misc:2309 imb:32 pmb:464 smb:7664 d:- ref:0 ;
in:25 out:27 type:b dur:2 cpbdur:2 q:30.59 aq:22.01 tex:1071 mv:1205 misc:1356 imb:8 pmb:186 smb:7966 d:- ref:0 ;
in:27 out:28 type:b dur:2 cpbdur:2 q:30.32 aq:22.54 tex:1159 mv:1528 misc:1489 imb:7 pmb:228 smb:7925 d:- ref:0 ;
in:32 out:29 type:P dur:2 cpbdur:2 q:23.13 aq:10.84 tex:160564 mv:23671 misc:1109 imb:549 pmb:2241 smb:5370 d:- ref:0 ;
in:30 out:30 type:B dur:2 cpbdur:2 q:26.66 aq:18.25 tex:10710 mv:9030 misc:3564 imb:69 pmb:1191 smb:6900 d:- ref:0 ;
in:29 out:31 type:b dur:2 cpbdur:2 q:28.42 aq:20.47 tex:2738 mv:2744 misc:2158 imb:21 pmb:439 smb:7700 d:- ref:0 ;
in:31 out:32 type:b dur:2 cpbdur:2 q:24.89 aq:18.24 tex:8265 mv:6212 misc:3203 imb:28 pmb:1039 smb:7093 d:- ref:0 ;
in:36 out:33 type:P dur:2 cpbdur:2 q:19.91 aq:8.21 tex:245305 mv:23009 misc:1174 imb:371 pmb:2379 smb:5410 d:- ref:0 ;
in:34 out:34 type:B dur:2 cpbdur:2 q:21.52 aq:14.52 tex:34641 mv:18017 misc:2966 imb:64 pmb:1922 smb:6174 d:- ref:0 ;
in:33 out:35 type:b dur:2 cpbdur:2 q:22.32 aq:16.22 tex:15935 mv:10990 misc:3251 imb:40 pmb:1498 smb:6622 d:- ref:0 ;
in:35 out:36 type:b dur:2 cpbdur:2 q:20.71 aq:14.39 tex:20261 mv:12182 misc:3453 imb:50 pmb:1584 smb:6526 d:- ref:0 ;
in:40 out:37 type:P dur:2 cpbdur:2 q:18.20 aq:6.41 tex:327145 mv:23167 misc:1112 imb:392 pmb:2340 smb:5428 d:- ref:0 ;
in:38 out:38 type:B dur:2 cpbdur:2 q:19.05 aq:11.77 tex:49135 mv:19027 misc:3014 imb:74 pmb:1864 smb:6222 d:- ref:0 ;
in:37 out:39 type:b dur:2 cpbdur:2 q:19.48 aq:13.63 tex:22159 mv:13518 misc:3443 imb:45 pmb:1573 smb:6542 d:- ref:0 ;
in:39 out:40 type:b dur:2 cpbdur:2 q:18.63 aq:12.27 tex:24857 mv:13032 misc:3375 imb:45 pmb:1586 smb:6529 d:- ref:0 ;
in:44 out:41 type:P dur:2 cpbdur:2 q:17.21 aq:6.12 tex:363953 mv:21909 misc:1290 imb:328 pmb:2351 smb:5481 d:- ref:0 ;
in:42 out:42 type:B dur:2 cpbdur:2 q:17.70 aq:9.46 tex:60320 mv:18601 misc:2967 imb:73 pmb:1858 smb:6229 d:- ref:0 ;
in:41 out:43 type:b dur:2 cpbdur:2 q:17.95 aq:12.00 tex:23723 mv:12619 misc:3450 imb:36 pmb:1481 smb:6643 d:- ref:0 ;
in:43 out:44 type:b dur:2 cpbdur:2 q:17.45 aq:11.60 tex:26517 mv:12515 misc:3464 imb:35 pmb:1527 smb:6598 d:- ref:0 ;
in:48 out:45 type:P dur:2 cpbdur:2 q:16.62 aq:5.44 tex:407069 mv:21868 misc:1335 imb:358 pmb:2290 smb:5512 d:- ref:0 ;
in:46 out:46 type:B dur:2 cpbdur:2 q:16.91 aq:9.48 tex:64758 mv:16816 misc:3186 imb:49 pmb:1838 smb:6273 d:- ref:0 ;
in:45 out:47 type:b dur:2 cpbdur:2 q:17.06 aq:11.46 tex:27943 mv:12188 misc:3605 imb:34 pmb:1502 smb:6624 d:- ref:0 ;
in:47 out:48 type:b dur:2 cpbdur:2 q:16.77 aq:10.25 tex:26841 mv:10909 misc:3490 imb:20 pmb:1495 smb:6645 d:- ref:0 ;
in:52 out:49 type:P dur:2 cpbdur:2 q:16.35 aq:5.38 tex:384653 mv:20521 misc:1514 imb:331 pmb:2284 smb:5545 d:- ref:0 ;
in:50 out:50 type:B dur:2 cpbdur:2 q:16.48 aq:9.76 tex:64255 mv:16573 misc:3188 imb:45 pmb:1825 smb:6290 d:- ref:0 ;
in:49 out:51 type:b dur:2 cpbdur:2 q:16.55 aq:10.37 tex:30099 mv:11689 misc:3412 imb:33 pmb:1506 smb:6621 d:- ref:0 ;
in:51 out:52 type:b dur:2 cpbdur:2 q:16.42 aq:11.09 tex:29121 mv:12530 misc:3581 imb:30 pmb:1576 smb:6554 d:- ref:0 ;
in:56 out:53 type:P dur:2 cpbdur:2 q:16.85 aq:6.02 tex:328042 mv:21334 misc:1496 imb:330 pmb:2269 smb:5561 d:- ref:0 ;
in:54 out:54 type:B dur:2 cpbdur:2 q:16.60 aq:8.88 tex:65500 mv:16928 misc:3084 imb:54 pmb:1902 smb:6204 d:- ref:0 ;
in:53 out:55 type:b dur:2 cpbdur:2 q:16.47 aq:10.28 tex:27299 mv:11012 misc:3449 imb:25 pmb:1476 smb:6659 d:- ref:0 ;
in:55 out:56 type:b dur:2 cpbdur:2 q:16.72 aq:10.95 tex:27874 mv:11940 misc:3258 imb:26 pmb:1535 smb:6599 d:- ref:0 ;
in:60 out:57 type:P dur:2 cpbdur:2 q:17.57 aq:6.50 tex:313364 mv:22191 misc:1405 imb:394 pmb:2200 smb:5566 d:- ref:0 ;
in:58 out:58 type:B dur:2 cpbdur:2 q:17.21 aq:10.32 tex:61942 mv:16927 misc:3187 imb:64 pmb:1800 smb:6296 d:- ref:0 ;
in:57 out:59 type:b dur:2 cpbdur:2 q:17.03 aq:11.27 tex:28199 mv:13164 misc:3533 imb:45 pmb:1578 smb:6537 d:- ref:0 ;
in:59 out:60 type:b dur:2 cpbdur:2 q:17.39 aq:11.80 tex:26515 mv:12703 misc:3446 imb:35 pmb:1530 smb:6595 d:- ref:0 ;
in:64 out:61 type:P dur:2 cpbdur:2 q:18.50 aq:7.54 tex:243702 mv:21793 misc:1313 imb:367 pmb:2235 smb:5558 d:- ref:0 ;
in:62 out:62 type:B dur:2 cpbdur:2 q:18.04 aq:10.52 tex:53268 mv:17618 misc:3146 imb:75 pmb:1811 smb:6274 d:- ref:0 ;
in:61 out:63 type:b dur:2 cpbdur:2 q:17.81 aq:12.32 tex:23417 mv:12209 misc:3382 imb:30 pmb:1485 smb:6645 d:- ref:0 ;
in:63 out:64 type:b dur:2 cpbdur:2 q:18.27 aq:12.38 tex:23316 mv:12598 misc:3526 imb:24 pmb:1548 smb:6588 d:- ref:0 ;
in:68 out:65 type:P dur:2 cpbdur:2 q:19.21 aq:8.47 tex:218549 mv:21938 misc:1313 imb:381 pmb:2199 smb:5580 d:- ref:0 ;
in:66 out:66 type:B dur:2 cpbdur:2 q:18.86 aq:12.27 tex:48474 mv:18307 misc:3035 imb:66 pmb:1881 smb:6213 d:- ref:0 ;
in:65 out:67 type:b dur:2 cpbdur:2 q:18.68 aq:12.53 tex:23087 mv:13306 misc:3423 imb:42 pmb:1548 smb:6570 d:- ref:0 ;
in:67 out:68 type:b dur:2 cpbdur:2 q:19.04 aq:13.47 tex:22435 mv:12229 misc:3448 imb:38 pmb:1532 smb:6590 d:- ref:0 ;
in:72 out:69 type:P dur:2 cpbdur:2 q:19.83 aq:8.95 tex:197251 mv:21664 misc:1221 imb:378 pmb:2212 smb:5570 d:- ref:0 ;
in:70 out:70 type:B dur:2 cpbdur:2 q:19.52 aq:12.85 tex:45222 mv:18244 misc:2998 imb:76 pmb:1825 smb:6259 d:- ref:0 ;
in:69 out:71 type:b dur:2 cpbdur:2 q:19.37 aq:13.90 tex:20867 mv:13349 misc:3344 imb:31 pmb:1559 smb:6570 d:- ref:0 ;
in:71 out:72 type:b dur:2 cpbdur:2 q:19.68 aq:14.36 tex:21072 mv:12367 misc:3481 imb:34 pmb:1533 smb:6593 d:- ref:0 ;
in:76 out:73 type:P dur:2 cpbdur:2 q:20.23 aq:9.30 tex:191311 mv:22444 misc:1237 imb:432 pmb:2198 smb:5530 d:- ref:0 ;
in:74 out:74 type:B dur:2 cpbdur:2 q:20.03 aq:12.16 tex:44621 mv:19317 misc:2790 imb:90 pmb:1943 smb:6127 d:- ref:0 ;
in:73 out:75 type:b dur:2 cpbdur:2 q:19.93 aq:15.06 tex:21137 mv:13278 misc:3465 imb:56 pmb:1546 smb:6558 d:- ref:0 ;
in:75 out:76 type:b dur:2 cpbdur:2 q:20.13 aq:14.18 tex:19150 mv:13036 misc:3334 imb:39 pmb:1555 smb:6566 d:- ref:0 ;
in:80 out:77 type:P dur:2 cpbdur:2 q:20.41 aq:10.03 tex:196185 mv:22529 misc:1134 imb:425 pmb:2203 smb:5532 d:- ref:0 ;
in:78 out:78 type:B dur:2 cpbdur:2 q:20.32 aq:12.60 tex:46989 mv:19594 misc:2857 imb:98 pmb:1950 smb:6112 d:- ref:0 ;
in:77 out:79 type:b dur:2 cpbdur:2 q:20.27 aq:14.57 tex:21099 mv:13515 misc:3378 imb:45 pmb:1565 smb:6550 d:- ref:0 ;
in:79 out:80 type:b dur:2 cpbdur:2 q:20.36 aq:14.91 tex:22239 mv:12977 misc:3480 imb:42 pmb:1581 smb:6537 d:- ref:0 ;
in:84 out:81 type:P dur:2 cpbdur:2 q:20.53 aq:9.62 tex:193016 mv:22386 misc:1190 imb:429 pmb:2200 smb:5531 d:- ref:0 ;
in:82 out:82 type:B dur:2 cpbdur:2 q:20.47 aq:13.64 tex:44643 mv:18924 misc:2905 imb:82 pmb:1966 smb:6112 d:- ref:0 ;
in:81 out:83 type:b dur:2 cpbdur:2 q:20.44 aq:14.90 tex:20628 mv:13101 misc:3447 imb:38 pmb:1573 smb:6549 d:- ref:0 ;
in:83 out:84 type:b dur:2 cpbdur:2 q:20.50 aq:15.37 tex:21245 mv:12828 misc:3367 imb:43 pmb:1576 smb:6541 d:- ref:0 ;
in:88 out:85 type:P dur:2 cpbdur:2 q:20.54 aq:10.71 tex:168594 mv:21975 misc:1287 imb:384 pmb:2207 smb:5569 d:- ref:0 ;
in:86 out:86 type:B dur:2 cpbdur:2 q:20.53 aq:14.38 tex:47112 mv:19047 misc:2673 imb:67 pmb:2032 smb:6061 d:- ref:0 ;
in:85 out:87 type:b dur:2 cpbdur:2 q:20.53 aq:15.28 tex:22392 mv:13395 misc:3197 imb:29 pmb:1617 smb:6514 d:- ref:0 ;
in:87 out:88 type:b dur:2 cpbdur:2 q:20.53 aq:15.47 tex:23151 mv:12899 misc:3222 imb:48 pmb:1616 smb:6496 d:- ref:0 ;
in:92 out:89 type:P dur:2 cpbdur:2 q:20.48 aq:8.68 tex:271353 mv:24293 misc:954 imb:851 pmb:1923 smb:5386 d:- ref:0 ;
in:90 out:90 type:B dur:2 cpbdur:2 q:20.51 aq:13.76 tex:44489 mv:17790 misc:3233 imb:122 pmb:1903 smb:6135 d:- ref:0 ;
in:89 out:91 type:b dur:2 cpbdur:2 q:20.52 aq:14.92 tex:27748 mv:14816 misc:3300 imb:65 pmb:1700 smb:6395 d:- ref:0 ;
in:91 out:92 type:b dur:2 cpbdur:2 q:20.49 aq:16.05 tex:17053 mv:9613 misc:3486 imb:17 pmb:1376 smb:6767 d:- ref:0 ;
in:96 out:93 type:P dur:2 cpbdur:2 q:20.51 aq:9.92 tex:195734 mv:21277 misc:1333 imb:341 pmb:2253 smb:5566 d:- ref:0 ;
in:94 out:94 type:B dur:2 cpbdur:2 q:20.50 aq:13.98 tex:41210 mv:17852 misc:2818 imb:53 pmb:1941 smb:6166 d:- ref:0 ;
in:93 out:95 type:b dur:2 cpbdur:2 q:20.49 aq:15.41 tex:18273 mv:12225 misc:3430 imb:14 pmb:1517 smb:6629 d:- ref:0 ;
in:95 out:96 type:b dur:2 cpbdur:2 q:20.50 aq:15.64 tex:18343 mv:12016 misc:3361 imb:29 pmb:1530 smb:6601 d:- ref:0 ;
in:100 out:97 type:P dur:2 cpbdur:2 q:20.49 aq:10.42 tex:205748 mv:21452 misc:1208 imb:403 pmb:2183 smb:5574 d:- ref:0 ;
in:98 out:98 type:B dur:2 cpbdur:2 q:20.50 aq:14.12 tex:44132 mv:19338 misc:2770 imb:65 pmb:1960 smb:6135 d:- ref:0 ;
in:97 out:99 type:b dur:2 cpbdur:2 q:20.51 aq:15.20 tex:20026 mv:12704 misc:3294 imb:31 pmb:1547 smb:6582 d:- ref:0 ;
in:99 out:100 type:b dur:2 cpbdur:2 q:20.49 aq:15.25 tex:19347 mv:12259 misc:3370 imb:29 pmb:1578 smb:6553 d:- ref:0 ;
in:104 out:101 type:P dur:2 cpbdur:2 q:20.51 aq:10.70 tex:203831 mv:21518 misc:1251 imb:403 pmb:2170 smb:5587 d:- ref:0 ;
in:102 out:102 type:B dur:2 cpbdur:2 q:20.50 aq:13.75 tex:44291 mv:18918 misc:2615 imb:88 pmb:1943 smb:6129 d:- ref:0 ;
in:101 out:103 type:b dur:2 cpbdur:2 q:20.49 aq:15.44 tex:20590 mv:13090 misc:3280 imb:42 pmb:1549 smb:6569 d:- ref:0 ;
in:103 out:104 type:b dur:2 cpbdur:2 q:20.51 aq:15.73 tex:20494 mv:12629 misc:3341 imb:33 pmb:1590 smb:6537 d:- ref:0 ;
in:108 out:105 type:P dur:2 cpbdur:2 q:20.57 aq:10.29 tex:214271 mv:22023 misc:1258 imb:477 pmb:2106 smb:5577 d:- ref:0 ;
in:106 out:106 type:B dur:2 cpbdur:2 q:20.54 aq:13.97 tex:46947 mv:19058 misc:2739 imb:91 pmb:1964 smb:6105 d:- ref:0 ;
in:105 out:107 type:b dur:2 cpbdur:2 q:20.53 aq:15.55 tex:22536 mv:13666 misc:3214 imb:48 pmb:1605 smb:6507 d:- ref:0 ;
in:107 out:108 type:b dur:2 cpbdur:2 q:20.55 aq:15.19 tex:20824 mv:12747 misc:3341 imb:39 pmb:1607 smb:6514 d:- ref:0 ;
in:112 out:109 type:P dur:2 cpbdur:2 q:20.59 aq:10.02 tex:211312 mv:22005 misc:1339 imb:441 pmb:2134 smb:5585 d:- ref:0 ;
in:110 out:110 type:B dur:2 cpbdur:2 q:20.58 aq:14.28 tex:46389 mv:19063 misc:2676 imb:86 pmb:1944 smb:6130 d:- ref:0 ;
in:109 out:111 type:b dur:2 cpbdur:2 q:20.57 aq:15.96 tex:21767 mv:13253 misc:3308 imb:50 pmb:1592 smb:6518 d:- ref:0 ;
in:111 out:112 type:b dur:2 cpbdur:2 q:20.59 aq:15.73 tex:20037 mv:12933 misc:3270 imb:43 pmb:1582 smb:6535 d:- ref:0 ;
in:116 out:113 type:P dur:2 cpbdur:2 q:20.80 aq:10.46 tex:197758 mv:21969 misc:1233 imb:456 pmb:2116 smb:5588 d:- ref:0 ;
in:114 out:114 type:B dur:2 cpbdur:2 q:20.70 aq:13.69 tex:45360 mv:19679 misc:2689 imb:98 pmb:1950 smb:6112 d:- ref:0 ;
in:113 out:115 type:b dur:2 cpbdur:2 q:20.65 aq:15.49 tex:23390 mv:14138 misc:3136 imb:52 pmb:1639 smb:6469 d:- ref:0 ;
in:115 out:116 type:b dur:2 cpbdur:2 q:20.75 aq:15.26 tex:19283 mv:12254 misc:3271 imb:38 pmb:1551 smb:6571 d:- ref:0 ;
in:120 out:117 type:P dur:2 cpbdur:2 q:20.85 aq:10.74 tex:202187 mv:22015 misc:1254 imb:469 pmb:2118 smb:5573 d:- ref:0 ;
in:118 out:118 type:B dur:2 cpbdur:2 q:20.83 aq:13.63 tex:43993 mv:19392 misc:2751 imb:99 pmb:1907 smb:6154 d:- ref:0 ;
in:117 out:119 type:b dur:2 cpbdur:2 q:20.82 aq:15.58 tex:20382 mv:13544 misc:3250 imb:46 pmb:1596 smb:6518 d:- ref:0 ;
in:119 out:120 type:b dur:2 cpbdur:2 q:20.84 aq:15.29 tex:19391 mv:12576 misc:3337 imb:43 pmb:1562 smb:6555 d:- ref:0 ;
in:124 out:121 type:P dur:2 cpbdur:2 q:20.93 aq:11.01 tex:193656 mv:22322 misc:1230 imb:489 pmb:2098 smb:5573 d:- ref:0 ;
in:122 out:122 type:B dur:2 cpbdur:2 q:20.89 aq:14.36 tex:44920 mv:19331 misc:2629 imb:91 pmb:1965 smb:6104 d:- ref:0 ;
in:121 out:123 type:b dur:2 cpbdur:2 q:20.87 aq:14.69 tex:19479 mv:12653 misc:3396 imb:48 pmb:1577 smb:6535 d:- ref:0 ;
in:123 out:124 type:b dur:2 cpbdur:2 q:20.91 aq:15.99 tex:20369 mv:12907 misc:3236 imb:46 pmb:1558 smb:6556 d:- ref:0 ;
in:128 out:125 type:P dur:2 cpbdur:2 q:20.99 aq:11.28 tex:188917 mv:21615 misc:1180 imb:459 pmb:2118 smb:5583 d:- ref:0 ;
in:126 out:126 type:B dur:2 cpbdur:2 q:20.96 aq:14.51 tex:44440 mv:18981 misc:2675 imb:101 pmb:1901 smb:6158 d:- ref:0 ;
in:125 out:127 type:b dur:2 cpbdur:2 q:20.94 aq:15.97 tex:21437 mv:13950 misc:3253 imb:54 pmb:1604 smb:6502 d:- ref:0 ;
in:127 out:128 type:b dur:2 cpbdur:2 q:20.98 aq:15.84 tex:19675 mv:11913 misc:3300 imb:40 pmb:1528 smb:6592 d:- ref:0 ;
in:132 out:129 type:P dur:2 cpbdur:2 q:21.07 aq:10.97 tex:184202 mv:21842 misc:1148 imb:466 pmb:2081 smb:5613 d:- ref:0 ;
in:130 out:130 type:B dur:2 cpbdur:2 q:21.03 aq:14.48 tex:43815 mv:18458 misc:2719 imb:101 pmb:1860 smb:6199 d:- ref:0 ;
in:129 out:131 type:b dur:2 cpbdur:2 q:21.01 aq:15.72 tex:18455 mv:12579 misc:3270 imb:38 pmb:1514 smb:6608 d:- ref:0 ;
in:131 out:132 type:b dur:2 cpbdur:2 q:21.05 aq:15.61 tex:18321 mv:12269 misc:3386 imb:39 pmb:1499 smb:6622 d:- ref:0 ;
in:136 out:133 type:P dur:2 cpbdur:2 q:21.14 aq:11.63 tex:172515 mv:21419 misc:1226 imb:446 pmb:2081 smb:5633 d:- ref:0 ;
in:134 out:134 type:B dur:2 cpbdur:2 q:21.10 aq:14.73 tex:43250 mv:18223 misc:2759 imb:79 pmb:1910 smb:6171 d:- ref:0 ;
in:133 out:135 type:b dur:2 cpbdur:2 q:21.09 aq:16.04 tex:18833 mv:12734 misc:3121 imb:45 pmb:1494 smb:6621 d:- ref:0 ;
in:135 out:136 type:b dur:2 cpbdur:2 q:21.12 aq:16.09 tex:19200 mv:12389 misc:3243 imb:46 pmb:1569 smb:6545 d:- ref:0 ;
in:140 out:137 type:P dur:2 cpbdur:2 q:21.18 aq:11.74 tex:159324 mv:21343 misc:1229 imb:471 pmb:2043 smb:5646 d:- ref:0 ;
in:138 out:138 type:B dur:2 cpbdur:2 q:21.16 aq:14.78 tex:44375 mv:19110 misc:2675 imb:110 pmb:1880 smb:6170 d:- ref:0 ;
in:137 out:139 type:b dur:2 cpbdur:2 q:21.15 aq:16.14 tex:20305 mv:13108 misc:3131 imb:39 pmb:1594 smb:6527 d:- ref:0 ;
in:139 out:140 type:b dur:2 cpbdur:2 q:21.17 aq:16.41 tex:18237 mv:11630 misc:3197 imb:31 pmb:1524 smb:6605 d:- ref:0 ;
in:144 out:141 type:P dur:2 cpbdur:2 q:21.21 aq:12.65 tex:135398 mv:20998 misc:1324 imb:467 pmb:1989 smb:5704 d:- ref:0 ;
in:142 out:142 type:B dur:2 cpbdur:2 q:21.19 aq:14.28 tex:44387 mv:18672 misc:2597 imb:102 pmb:1899 smb:6159 d:- ref:0 ;
in:141 out:143 type:b dur:2 cpbdur:2 q:21.18 aq:16.81 tex:19991 mv:12879 misc:3194 imb:53 pmb:1527 smb:6580 d:- ref:0 ;
in:143 out:144 type:b dur:2 cpbdur:2 q:21.20 aq:15.49 tex:19627 mv:12086 misc:3399 imb:47 pmb:1513 smb:6600 d:- ref:0 ;
in:148 out:145 type:P dur:2 cpbdur:2 q:21.20 aq:14.70 tex:81290 mv:19911 misc:1415 imb:417 pmb:1969 smb:5774 d:- ref:0 ;
in:146 out:146 type:B dur:2 cpbdur:2 q:21.21 aq:15.17 tex:48819 mv:17767 misc:2462 imb:116 pmb:1909 smb:6135 d:- ref:0 ;
in:145 out:147 type:b dur:2 cpbdur:2 q:21.21 aq:15.88 tex:20608 mv:11750 misc:3306 imb:44 pmb:1527 smb:6589 d:- ref:0 ;
in:147 out:148 type:b dur:2 cpbdur:2 q:21.20 aq:15.66 tex:21613 mv:11544 misc:3283 imb:42 pmb:1589 smb:6529 d:- ref:0 ;
in:149 out:149 type:P dur:2 cpbdur:2 q:21.15 aq:16.22 tex:45163 mv:14232 misc:2285 imb:245 pmb:1795 smb:6120 d:- ref:0 ;
